
> task-app@0.1.0 db:push
> prisma db push

Loaded Prisma config from prisma.config.ts.

Prisma config detected, skipping environment variable loading.
Prisma schema loaded from prisma/schema.prisma
Datasource "db": PostgreSQL database "taskapp", schema "public" at "localhost:25532"

🚀  Your database is now in sync with your Prisma schema. Done in 66ms

Running generate... (Use --skip-generate to skip the generators)
[2K[1A[2K[GRunning generate... - Prisma Client
[2K[1A[2K[G✔ Generated Prisma Client (v6.19.3) to ./node_modules/@prisma/client in 39ms
┌─────────────────────────────────────────────────────────┐
│  Update available 6.19.3 -> 8.0.0-rc.22                 │
│                                                         │
│  This is a major update - please follow the guide at    │
│  https://pris.ly/d/major-version-upgrade                │
│                                                         │
│  Run the following to update                            │
│    npm i --save-dev prisma@latest                       │
│    npm i @prisma/client@latest                          │
└─────────────────────────────────────────────────────────┘

